\BOOKMARK [1][-]{section.1}{\376\377\116\373\122\241\227\000\154\102}{}% 1
\BOOKMARK [1][-]{section.2}{\376\377\140\073\117\123\145\271\150\110}{}% 2
\BOOKMARK [1][-]{section.3}{\376\377\116\272\201\070\131\377\140\001\136\372\152\041}{}% 3
\BOOKMARK [1][-]{section.4}{\376\377\147\072\150\260\176\323\147\204\213\276\213\241}{}% 4
\BOOKMARK [1][-]{section.5}{\376\377\217\320\122\250\133\146\136\372\152\041}{}% 5
\BOOKMARK [2][-]{subsection.5.1}{\376\377\127\120\150\007\174\373\136\372\172\313}{section.5}% 6
\BOOKMARK [2][-]{subsection.5.2}{\376\377\000D\000-\000H\000\040\217\320\122\250\133\146\123\302\221\317}{section.5}% 7
\BOOKMARK [2][-]{subsection.5.3}{\376\377\153\143\217\320\122\250\133\146\145\271\172\013}{section.5}% 8
\BOOKMARK [2][-]{subsection.5.4}{\376\377\116\026\165\114\127\120\150\007\174\373\116\013\166\204\147\053\172\357\117\115\131\377}{section.5}% 9
\BOOKMARK [1][-]{section.6}{\376\377\122\250\122\233\133\146\122\006\147\220}{}% 10
\BOOKMARK [2][-]{subsection.6.1}{\376\377\122\250\122\233\133\146\145\271\172\013}{section.6}% 11
\BOOKMARK [2][-]{subsection.6.2}{\376\377\117\116\220\037\226\217\122\250\135\345\121\265\173\200\123\026}{section.6}% 12
\BOOKMARK [2][-]{subsection.6.3}{\376\377\134\117\136\125\227\131\217\175\203\167\117\060\173\227}{section.6}% 13
\BOOKMARK [2][-]{subsection.6.4}{\376\377\134\117\136\125\122\250\217\175\203\167\117\060\173\227}{section.6}% 14
\BOOKMARK [2][-]{subsection.6.5}{\376\377\217\175\203\167\122\006\147\220\176\323\213\272}{section.6}% 15
\BOOKMARK [1][-]{section.7}{\376\377\232\161\122\250\220\011\127\213}{}% 16
\BOOKMARK [2][-]{subsection.7.1}{\376\377\217\154\122\250\121\163\202\202\232\161\122\250}{section.7}% 17
\BOOKMARK [2][-]{subsection.7.2}{\376\377\136\163\122\250\121\163\202\202\232\161\122\250}{section.7}% 18
\BOOKMARK [2][-]{subsection.7.3}{\376\377\124\004\121\163\202\202\220\011\127\213\123\237\122\031}{section.7}% 19
\BOOKMARK [2][-]{subsection.7.4}{\376\377\122\233\167\351\116\016\143\250\122\233\210\325\221\317}{section.7}% 20
\BOOKMARK [1][-]{section.8}{\376\377\143\247\122\066\174\373\176\337\213\276\213\241}{}% 21
\BOOKMARK [2][-]{subsection.8.1}{\376\377\143\247\122\066\174\373\176\337\140\073\117\123\176\323\147\204}{section.8}% 22
\BOOKMARK [2][-]{subsection.8.2}{\376\377\127\120\150\007\123\330\143\142\116\016\166\356\150\007\117\115\131\377\165\037\142\020}{section.8}% 23
\BOOKMARK [2][-]{subsection.8.3}{\376\377\220\006\217\320\122\250\133\146\116\016\215\335\171\273\133\271\137\315\147\072\122\066}{section.8}% 24
\BOOKMARK [2][-]{subsection.8.4}{\376\377\171\273\145\143\137\017\166\356\150\007\215\337\226\217\145\271\150\110}{section.8}% 25
\BOOKMARK [2][-]{subsection.8.5}{\376\377\217\336\176\355\133\236\145\366\117\072\147\015\145\271\150\110}{section.8}% 26
\BOOKMARK [2][-]{subsection.8.6}{\376\377\156\344\154\342\060\001\226\062\142\226\116\016\133\211\121\150\117\335\142\244}{section.8}% 27
\BOOKMARK [1][-]{section.9}{\376\377\116\377\167\037\232\214\213\301}{}% 28
\BOOKMARK [2][-]{subsection.9.1}{\376\377\133\236\232\214\163\257\130\203}{section.9}% 29
\BOOKMARK [2][-]{subsection.9.2}{\376\377\145\160\143\156\117\040\217\223\145\271\137\017}{section.9}% 30
\BOOKMARK [2][-]{subsection.9.3}{\376\377\220\006\217\320\122\250\133\146\060\001\217\150\217\371\211\304\122\022\122\237\200\375\232\214\213\301}{section.9}% 31
\BOOKMARK [2][-]{subsection.9.4}{\376\377\232\214\213\301\176\323\147\234}{section.9}% 32
\BOOKMARK [1][-]{section.10}{\376\377\117\030\123\026\116\016\140\073\176\323}{}% 33
\BOOKMARK [2][-]{subsection.10.1}{\376\377\123\357\117\030\123\026\145\271\124\021}{section.10}% 34
\BOOKMARK [2][-]{subsection.10.2}{\376\377\230\171\166\356\140\073\176\323}{section.10}% 35
